// Jest Snapshot v1, https://jestjs.io/docs/snapshot-testing

exports[`MirrorRevealCard — phase→className map snapshot (drift fence) snapshot pin: the full phase map (any change is a deliberate review) 1`] = `
{
  "emergence": "opacity-quiet translate-y-0 border-gold/10",
  "hidden": "opacity-0 translate-y-enter-md border-transparent",
  "rest": "opacity-100 translate-y-0 border-gold/30 shadow-sys-bloom",
  "reveal": "opacity-100 translate-y-0 border-gold/30 shadow-sys-bloom",
  "shimmer": "opacity-100 translate-y-0 border-gold/30 mirror-card-shimmer",
}
`;
