// Jest Snapshot v1, https://jestjs.io/docs/snapshot-testing

exports[`archetype-hue-distance · snapshot pin (Δh receipt) per-surface Δh table is byte-pinned (numbers, not adjectives) 1`] = `
{
  "chip": {
    "accent↔amber": "110.99°",
    "accent↔rose": "58.11°",
    "accent↔secondary": "16.91°",
    "cyan↔accent": "109.97°",
    "cyan↔amber": "139.04°",
    "cyan↔rose": "168.07°",
    "cyan↔secondary": "93.05°",
    "rose↔amber": "52.89°",
    "secondary↔amber": "127.91°",
    "secondary↔rose": "75.02°",
  },
}
`;
