// Jest Snapshot v1, https://jestjs.io/docs/snapshot-testing

exports[`worldview-hue-distance · snapshot pin (Δh receipt) per-surface Δh table is byte-pinned (numbers, not adjectives) 1`] = `
{
  "chip": {
    "accent↔cyan": "109.97°",
    "accent↔rose": "58.11°",
    "cyan↔rose": "168.07°",
  },
}
`;
